Crasm 1.10:                                                                                                                             page  1

                         1  CPU 6502
                         2  OUTPUT HEX
                         3  PAGE 100,150
                         4  
  1000                   5  * = $1000
                         6  
  EC00                   7  COUT = $EC00
                         8  
1000 201210              9  START   JSR PRT         ;; print prompt
1003 AD00EC             10  WAIT    LDA COUT        ;; grab char from console - it though echos char.
                        11                          ;; currently it is setup to wait until a charactor
                        12                          ;; is typed but should read the status flag as to if
                        13                          ;; there is a character ready else return.
1006 F0FB               14          BEQ WAIT        ;; if no charactor - then wait for one.
1008 8D00EC             15          STA COUT
100B C90A               16          CMP     #$0a
100D F0F1               17          BEQ START
100F 4C0310             18          JMP WAIT
                        19  
1012 A210               20  PRT     LDX #$10
1014 A000               21          LDY #0
1016 B92310             22  LOOP    LDA PRPT,Y
1019 F007               23          BEQ PRTE
101B 8D00EC             24          STA COUT
101E C8                 25          INY
101F CA                 26          DEX
1020 D0F4               27          BNE LOOP
                        28  
1022 60                 29  PRTE    RTS
                        30  
1023 3E2000             31  PRPT ASC "> \0"
                        32  

ERRORS:       0
WARNINGS:     0

Successful assembly...
 Last address     1025 (4133)
 Code length        4c (76)



























































Crasm 1.10:                                                                                                                             page  2

 EC00   Abs COUT                                              1016   Abs LOOP                                             
^1023   Abs PRPT                                             ^1012   Abs PRT                                              
^1022   Abs PRTE                                              1000   Abs START                                            
 1003   Abs WAIT                                             






























































































