Crasm 1.10:                                                   page  1

                         1  ;;PROCESSOR=6502
                         2  ;;ORG=$1000
                         3  ;;VALUE=$2000
                         4  CPU 6502
                         5  OUTPUT HEX
                         6  
  1000                   7  * = $1000
1000 A90A                8          LDA #$0A     ;; lOAD 10 into acc
1002 6C1310              9          JMP (TAD)   ;; Just to sub to add 1
1005 8D0020             10  RT      STA VALUE    ;; store new value in value
                      .
1008 EA                 11          NOP
1009 EA                 12          NOP
100A 3F                 13  HLT DB $3F
                        14  
100B 6901               15  ADDONE  ADC #$01
100D 6C1510             16          JMP (TRT)
1010 EA                 17          NOP
1011 EA                 18          NOP
1012 3F                 19  HLT2 DB $3F
                        20  
  2000                  21  VALUE = $2000
1013 0B10               22  TAD DW ADDONE
1015 0510               23  TRT DW  RT
                        24  
                        25  

ERRORS:       0
WARNINGS:     0

Successful assembly...
 Last address     1016 (4118)
 Code length        2e (46)































Crasm 1.10:                                                   page  2

 100B   Abs ADDONE                                           
?100A   Abs HLT                                              
?1012   Abs HLT2                                             
 1005   Abs RT                                               
^1013   Abs TAD                                              
^1015   Abs TRT                                              
^2000   Abs VALUE                                            

























































