Crasm 1.8:                                                   page  1

                         1  
                         2  
                         3  
                         4  CPU 6502
                         5  OUTPUT HEX
                         6  
  F000                   7  * = $F000
                         8  
                         9  
F000 78                 10  START   SEI
F001 48                 11                  PHA  ;; save acc
F002 98                 12                  TYA ;; transfere to A to push on
                     stack
F003 48                 13                  PHA  ;; push y on stack
F004 A214               14                  LDX #LEN  ;; setup 20 bytes to t
                           ransfere
F006 BD00A0             15  LOOP    LDA RTC,X   ;; copy RTC to RAM
F009 9D0040             16                  STA RAM,X
F00C CA                 17          DEX
F00D D0F7               18                  BNE LOOP
F00F BD00A0             19                  LDA RTC,X   ;; copy RTC to RAM
F012 9D0040             20                  STA RAM,X
F015 68                 21                  PLA
F016 A8                 22                  TAY
F017 68                 23                  PLA
F018 58                 24                  CLI
F019 40                 25                  RTI
                        26  
  A000                  27  RTC=$A000
  4000                  28  RAM=$4000
  0014                  29  LEN=20
                        30  
                        31  
                        32  

ERRORS:       0
WARNINGS:     0

Successful assembly...
 Last address     f019 (61465)
 Code length        34 (52)























Crasm 1.8:                                                   page  2

^0014   Abs LEN                                              
 F006   Abs LOOP                                             
^4000   Abs RAM                                              
^A000   Abs RTC                                              
?F000   Abs START                                            



























































